
   PASS  Tests\Feature\ExampleTest
  Ô£ô it returns a successful response                                                                             1.26s  

   PASS  Tests\Feature\Livewire\Admin\CajaManagerTest
  Ô£ô user can open a new till                                                                                     0.88s  
  Ô£ô user cannot open a till if one is already open                                                               0.65s  
  Ô£ô can search tills by user name                                                                                0.55s  
  Ô£ô can filter tills by user id                                                                                  0.53s  
  Ô£ô clear filters resets properties                                                                              0.82s  

   PASS  DashboardAlertTest
  Ô£ô dashboard renders only batches expiring within alert days with positive stock                                0.57s  
  Ô£ô admin can update alert days setting                                                                          0.97s  

   PASS  DashboardAlertsTest
  Ô£ô scope vendibles filters correctly                                                                            0.06s  
  Ô£ô dashboard shows minimum stock alert                                                                          0.10s  

   PASS  Tests\Feature\Livewire\Admin\DashboardTest
  Ô£ô renders successfully                                                                                         0.11s  
  Ô£ô admin is redirected to admin dashboard                                                                       0.08s  
  Ô£ô user is redirected to user dashboard                                                                         0.06s  
  Ô£ô user cannot access admin dashboard                                                                           0.08s  
  Ô£ô admin can search users                                                                                       0.47s  
  Ô£ô admin can filter by is active status                                                                         0.43s  
  Ô£ô admin can create user                                                                                        2.28s  
  Ô£ô admin can deactivate user                                                                                    0.63s  
  Ô£ô admin can save roles                                                                                         1.55s  
  Ô£ô admin can save permissions                                                                                   1.58s  
  Ô£ô admin can save profiles                                                                                      1.46s  
  Ô£ô admin can edit and update user                                                                               2.31s  
  Ô£ô admin can save alert days                                                                                    0.79s  

   PASS  Tests\Feature\Livewire\Admin\GroupManagerTest
  Ô£ô admin can access group manager                                                                               0.28s  
  Ô£ô empleado cannot access group manager                                                                         0.07s  
  Ô£ô component renders groups                                                                                     0.17s  
  Ô£ô admin can search groups                                                                                      0.23s  
  Ô£ô admin can create group                                                                                       0.37s  
  Ô£ô admin can edit group                                                                                         0.40s  
  Ô£ô admin can deactivate group                                                                                   0.30s  

   PASS  Tests\Feature\Livewire\Admin\MedicineManagerTest
  Ô£ô admin can access medicine manager                                                                            0.28s  
  Ô£ô renders medicines                                                                                            0.19s  
  Ô£ô creates medicine from existing product                                                                       0.92s  
  Ô£ô shows only available products for creation                                                                   0.32s  
  Ô£ô can filter psychotropic medicines                                                                            0.35s  
  Ô£ô can load leaflet details into modal                                                                          0.31s  
  Ô£ô expiration date badges render correctly                                                                      0.40s  

   PASS  Tests\Feature\Livewire\Admin\ProductManagerTest
  Ô£ô admin can access product manager                                                                             0.35s  
  Ô£ô empleado cannot access product manager                                                                       0.08s  
  Ô£ô component renders products                                                                                   0.20s  
  Ô£ô admin can search products                                                                                    0.31s  
  Ô£ô admin can create standard product                                                                            0.71s  
  Ô£ô admin can create medicine                                                                                    1.35s  
  Ô£ô admin can edit product                                                                                       0.52s  
  Ô£ô admin can deactivate product                                                                                 0.51s  

   PASS  Tests\Feature\Livewire\Admin\ProfileManagerTest
  Ô£ô admin can access profile manager                                                                             0.53s  
  Ô£ô non admin cannot access profile manager                                                                      0.08s  
  Ô£ô component renders profiles                                                                                   0.32s  
  Ô£ô can create profile with permissions                                                                          1.07s  
  Ô£ô can edit profile                                                                                             1.19s  
  Ô£ô can delete profile                                                                                           0.72s  
  Ô£ô can create permission                                                                                        0.83s  
  Ô£ô can edit permission                                                                                          1.13s  
  Ô£ô can delete permission                                                                                        0.70s  
  Ô£ô permission update clears cache and keeps slug intact                                                         1.11s  

   PASS  StockEgresoTest
  Ô£ô admin can search and register stock egress                                                                   0.77s  

   PASS  StockIngresoTest
  Ô£ô admin can search and register medicine stock entry                                                           0.58s  

   PASS  Tests\Feature\Livewire\Clients\ClientManagerTest
  Ô£ô admin can access client manager                                                                              0.33s  
  Ô£ô empleado can access client manager                                                                           0.28s  
  Ô£ô non authorized cannot access client manager                                                                  0.06s  
  Ô£ô component renders clients                                                                                    0.25s  
  Ô£ô empleado can save client                                                                                     0.98s  
  Ô£ô empleado can edit client                                                                                     0.41s  
  Ô£ô empleado can deactivate client                                                                               1.04s  
  Ô£ô admin can save edit and deactivate                                                                           1.83s  

   PASS  Tests\Feature\Livewire\Components\DashboardTest
  Ô£ô renders successfully                                                                                         0.13s  

   FAIL  Tests\Feature\MedicineFactoryTest
  Ô£ô it can create a medicine using the factory                                                                   0.10s  
  Ô¿» it can run the medicine seeder successfully                                                                  0.19s  

   FAIL  Tests\Feature\SettingsTest
  Ô¿» it loads the settings page for authenticated users with theme toggle                                         0.15s  
  Ô£ô it redirects guests to login when accessing settings                                                         0.08s  

   PASS  Tests\Feature\UserRolesAndPermissionsTest
  Ô£ô user can be created with factory                                                                             0.08s  
  Ô£ô user can be created as inactive                                                                              0.06s  
  Ô£ô user can have a role assigned                                                                                0.06s  
  Ô£ô user can have multiple roles                                                                                 0.07s  
  Ô£ô user can have a permission assigned directly                                                                 0.06s  
  Ô£ô user can have multiple permissions                                                                           0.07s  
  Ô£ô role can have permissions                                                                                    0.07s  
  Ô£ô user inherits permissions from role                                                                          0.09s  
  Ô£ô admin user has admin role and permissions                                                                    0.09s  
  Ô£ô basic user does not have admin permissions                                                                   0.07s  
  Ô£ô user role can be removed                                                                                     0.07s  
  Ô£ô user permission can be revoked                                                                               0.09s  
  Ô£ô user roles can be synced                                                                                     0.11s  
  ÔöÇÔöÇÔöÇÔöÇÔöÇÔöÇÔöÇÔöÇÔöÇÔöÇÔöÇÔöÇÔöÇÔöÇÔöÇÔöÇÔöÇÔöÇÔöÇÔöÇÔöÇÔöÇÔöÇÔöÇÔöÇÔöÇÔöÇÔöÇÔöÇÔöÇÔöÇÔöÇÔöÇÔöÇÔöÇÔöÇÔöÇÔöÇÔöÇÔöÇÔöÇÔöÇÔöÇÔöÇÔöÇÔöÇÔöÇÔöÇÔöÇÔöÇÔöÇÔöÇÔöÇÔöÇÔöÇÔöÇÔöÇÔöÇÔöÇÔöÇÔöÇÔöÇÔöÇÔöÇÔöÇÔöÇÔöÇÔöÇÔöÇÔöÇÔöÇÔöÇÔöÇÔöÇÔöÇÔöÇÔöÇÔöÇÔöÇÔöÇÔöÇÔöÇÔöÇÔöÇÔöÇÔöÇÔöÇÔöÇÔöÇÔöÇÔöÇÔöÇÔöÇÔöÇÔöÇÔöÇÔöÇÔöÇÔöÇÔöÇÔöÇÔöÇÔöÇÔöÇÔöÇÔöÇÔöÇÔöÇÔöÇÔöÇÔöÇÔöÇÔöÇÔöÇÔöÇÔöÇ  
   FAILED  Tests\Feature\MedicineFactoryTest > it can run the medicine seeder successfully                  TypeError   
  array_merge(): Argument #2 must be of type array, int given

  at C:\Users\Administrador\Herd\FarmaCorp\vendor\laravel\framework\src\Illuminate\Database\Eloquent\Factories\Factory.php:549
    545Ôûò             if ($state instanceof Closure) {
    546Ôûò                 $state = $state->bindTo($this);
    547Ôûò             }
    548Ôûò 
  Ô×£ 549Ôûò             return array_merge($carry, $state($carry, $parent));
    550Ôûò         }, $this->definition());
    551Ôûò     }
    552Ôûò 
    553Ôûò     /**

  1   C:\Users\Administrador\Herd\FarmaCorp\vendor\laravel\framework\src\Illuminate\Database\Eloquent\Factories\Factory.php:549
  2   C:\Users\Administrador\Herd\FarmaCorp\vendor\laravel\framework\src\Illuminate\Collections\Traits\EnumeratesValues.php:850

  ÔöÇÔöÇÔöÇÔöÇÔöÇÔöÇÔöÇÔöÇÔöÇÔöÇÔöÇÔöÇÔöÇÔöÇÔöÇÔöÇÔöÇÔöÇÔöÇÔöÇÔöÇÔöÇÔöÇÔöÇÔöÇÔöÇÔöÇÔöÇÔöÇÔöÇÔöÇÔöÇÔöÇÔöÇÔöÇÔöÇÔöÇÔöÇÔöÇÔöÇÔöÇÔöÇÔöÇÔöÇÔöÇÔöÇÔöÇÔöÇÔöÇÔöÇÔöÇÔöÇÔöÇÔöÇÔöÇÔöÇÔöÇÔöÇÔöÇÔöÇÔöÇÔöÇÔöÇÔöÇÔöÇÔöÇÔöÇÔöÇÔöÇÔöÇÔöÇÔöÇÔöÇÔöÇÔöÇÔöÇÔöÇÔöÇÔöÇÔöÇÔöÇÔöÇÔöÇÔöÇÔöÇÔöÇÔöÇÔöÇÔöÇÔöÇÔöÇÔöÇÔöÇÔöÇÔöÇÔöÇÔöÇÔöÇÔöÇÔöÇÔöÇÔöÇÔöÇÔöÇÔöÇÔöÇÔöÇÔöÇÔöÇÔöÇÔöÇÔöÇÔöÇÔöÇÔöÇÔöÇ  
   FAILED  Tests\Feature\SettingsTest > it loads the settings page for authenticated users with theme toggle            
  Expected: <!DOCTYPE html>\n
<html lang="en">\n
    <head>\n
        <meta charset="utf-8" />\n
<meta name="viewport" content="width=device-width, initial-scale=1.0" />\n
\n
<title>FarmaCorp</title>\n
\n
<link rel="icon" type="image/png" href="http://farmacorp.test/images/logo-farma-corp.png">\n
\n
<link rel="preconnect" href="https://fonts.bunny.net">\n
<link href="https://fonts.bunny.net/css?family=instrument-sans:400,500,600" rel="stylesheet" />\n
\n
\n
\n
\n
<link rel="preload" as="style" href="http://farmacorp.test/build/assets/app-CPE0ACWe.css" /><link rel="modulepreload" as="script" href="http://farmacorp.test/build/assets/app-l0sNRNKZ.js" /><link rel="stylesheet" href="http://farmacorp.test/build/assets/app-CPE0ACWe.css" data-navigate-track="reload" /><script type="module" src="http://farmacorp.test/build/assets/app-l0sNRNKZ.js" data-navigate-track="reload"></script><style>\n
    :root.dark {\n
        color-scheme: dark;\n
    }\n
</style>\n
<script>\n
    window.Flux = {\n
        applyAppearance (appearance) {\n
            let applyDark = () => document.documentElement.classList.add('dark')\n
            let applyLight = () => document.documentElement.classList.remove('dark')\n
\n
            if (appearance === 'system') {\n
                let media = window.matchMedia('(prefers-color-scheme: dark)')\n
\n
                window.localStorage.removeItem('flux.appearance')\n
\n
                media.matches ? applyDark() : applyLight()\n
            } else if (appearance === 'dark') {\n
                window.localStorage.setItem('flux.appearance', 'dark')\n
\n
                applyDark()\n
            } else if (appearance === 'light') {\n
                window.localStorage.setItem('flux.appearance', 'light')\n
\n
                applyLight()\n
            }\n
        }\n
    }\n
\n
    window.Flux.applyAppearance(window.localStorage.getItem('flux.appearance') || 'system')\n
</script>\n
\n
    <!-- Livewire Styles --><style >[wire\:loading][wire\:loading], [wire\:loading\.delay][wire\:loading\.delay], [wire\:loading\.list-item][wire\:loading\.list-item], [wire\:loading\.inline-block][wire\:loading\.inline-block], [wire\:loading\.inline][wire\:loading\.inline], [wire\:loading\.block][wire\:loading\.block], [wire\:loading\.flex][wire\:loading\.flex], [wire\:loading\.table][wire\:loading\.table], [wire\:loading\.grid][wire\:loading\.grid], [wire\:loading\.inline-flex][wire\:loading\.inline-flex] {display: none;}[wire\:loading\.delay\.none][wire\:loading\.delay\.none], [wire\:loading\.delay\.shortest][wire\:loading\.delay\.shortest], [wire\:loading\.delay\.shorter][wire\:loading\.delay\.shorter], [wire\:loading\.delay\.short][wire\:loading\.delay\.short], [wire\:loading\.delay\.default][wire\:loading\.delay\.default], [wire\:loading\.delay\.long][wire\:loading\.delay\.long], [wire\:loading\.delay\.longer][wire\:loading\.delay\.longer], [wire\:loading\.delay\.longest][wire\:loading\.delay\.longest] {display: none;}[wire\:offline][wire\:offline] {display: none;}[wire\:dirty]:not(textarea):not(input):not(select) {display: none;}:root {--livewire-progress-bar-color: #2299dd;}[x-cloak] {display: none !important;}[wire\:cloak] {display: none !important;}dialog#livewire-error::backdrop {background-color: rgba(0, 0, 0, .6);}</style>\n
</head>\n
    <body class="min-h-screen flex bg-white dark:bg-zinc-800">\n
\n
        <ui-sidebar-toggle class="z-20 fixed inset-0 bg-black/10 hidden data-flux-sidebar-on-mobile:not-data-flux-sidebar-collapsed-mobile:block" data-flux-sidebar-backdrop></ui-sidebar-toggle>\n
\n
<ui-sidebar\n
    class="[grid-area:sidebar] z-1 flex flex-col gap-4 [:where(&amp;)]:w-64 p-4 data-flux-sidebar-collapsed-desktop:w-14 data-flux-sidebar-collapsed-desktop:px-2 data-flux-sidebar-collapsed-desktop:cursor-e-resize rtl:data-flux-sidebar-collapsed-desktop:cursor-w-resize max-lg:data-flux-sidebar-cloak:hidden data-flux-sidebar-on-mobile:data-flux-sidebar-collapsed-mobile:-translate-x-full data-flux-sidebar-on-mobile:data-flux-sidebar-collapsed-mobile:rtl:translate-x-full z-20! data-flux-sidebar-on-mobile:start-0! data-flux-sidebar-on-mobile:fixed! data-flux-sidebar-on-mobile:top-0! data-flux-sidebar-on-mobile:min-h-dvh! data-flux-sidebar-on-mobile:max-h-dvh! max-h-dvh overflow-y-auto overscroll-contain shadow-lg shadow-farmacorp-shadow/70" x-init="$el.classList.add(&#039;transition-transform&#039;)"\n
     collapsible="true"          sticky     x-data\n
    data-flux-sidebar-cloak\n
    data-flux-sidebar\n
>\n
    <button type="button" class="relative items-center font-medium justify-center gap-2 whitespace-nowrap disabled:opacity-75 dark:disabled:opacity-75 disabled:cursor-default disabled:pointer-events-none justify-center h-8 text-sm rounded-md w-8 inline-flex  bg-transparent hover:bg-zinc-800/5 dark:hover:bg-white/15 text-zinc-500 hover:text-zinc-800 dark:text-zinc-400 dark:hover:text-white      shrink-0 flex items-center" data-flux-button="data-flux-button" x-data="" x-on:click="$dispatch('flux-sidebar-toggle')" aria-label="Toggle sidebar" data-flux-sidebar-toggle="data-flux-sidebar-toggle">\n
        <svg class="shrink-0 [:where(&amp;)]:size-5" data-flux-icon xmlns="http://www.w3.org/2000/svg" viewBox="0 0 20 20" fill="currentColor" aria-hidden="true" data-slot="icon">\n
  <path fill-rule="evenodd" d="M2 4.75A.75.75 0 0 1 2.75 4h14.5a.75.75 0 0 1 0 1.5H2.75A.75.75 0 0 1 2 4.75ZM2 10a.75.75 0 0 1 .75-.75h14.5a.75.75 0 0 1 0 1.5H2.75A.75.75 0 0 1 2 10Zm0 5.25a.75.75 0 0 1 .75-.75h14.5a.75.75 0 0 1 0 1.5H2.75a.75.75 0 0 1-.75-.75Z" clip-rule="evenodd"/>\n
</svg>\n
    </button>\n
\n
            \n
            \n
            \n
            \n
            <div class="flex-1" data-flux-spacer></div>\n
\n
            <ui-tooltip position="right center"  data-flux-tooltip >\n
        <a href="http://farmacorp.test/configuracion" data-current="data-current" wire:current.ignore="" class="h-8 in-data-flux-sidebar-on-mobile:h-10 relative flex items-center gap-3 rounded-lg in-data-flux-sidebar-collapsed-desktop:w-10 in-data-flux-sidebar-collapsed-desktop:justify-center py-0 text-start w-full px-3 has-data-flux-navlist-badge:not-in-data-flux-sidebar-collapsed-desktop:pe-1.5 my-px text-zinc-500 dark:text-white/80 data-current:text-(--color-accent-content) hover:data-current:text-(--color-accent-content) data-current:bg-white dark:data-current:bg-white/[7%] data-current:border data-current:border-zinc-200 dark:data-current:border-transparent hover:text-zinc-800 dark:hover:text-white dark:hover:bg-white/[7%] hover:bg-zinc-800/5  border border-transparent in-data-flux-sidebar-group-dropdown:w-auto! in-data-flux-sidebar-group-dropdown:px-2! in-data-flux-sidebar-group-dropdown:text-zinc-800! in-data-flux-sidebar-group-dropdown:bg-white! in-data-flux-sidebar-group-dropdown:hover:bg-zinc-50! dark:in-data-flux-sidebar-group-dropdown:text-white! dark:in-data-flux-sidebar-group-dropdown:bg-transparent! dark:in-data-flux-sidebar-group-dropdown:hover:bg-zinc-600!" data-flux-sidebar-item="data-flux-sidebar-item">\n
        <div class="relative">\n
                                    <svg class="shrink-0 [:where(&amp;)]:size-6 size-4 in-data-flux-sidebar-group-dropdown:text-zinc-400! dark:in-data-flux-sidebar-group-dropdown:text-white/80! [[data-flux-sidebar-item]:hover_&]:text-current!" data-flux-icon xmlns="http://www.w3.org/2000/svg" fill="none" viewBox="0 0 24 24" stroke-width="1.5" stroke="currentColor" aria-hidden="true" data-slot="icon">\n
  <path stroke-linecap="round" stroke-linejoin="round" d="M9.594 3.94c.09-.542.56-.94 1.11-.94h2.593c.55 0 1.02.398 1.11.94l.213 1.281c.063.374.313.686.645.87.074.04.147.083.22.127.325.196.72.257 1.075.124l1.217-.456a1.125 1.125 0 0 1 1.37.49l1.296 2.247a1.125 1.125 0 0 1-.26 1.431l-1.003.827c-.293.241-.438.613-.43.992a7.723 7.723 0 0 1 0 .255c-.008.378.137.75.43.991l1.004.827c.424.35.534.955.26 1.43l-1.298 2.247a1.125 1.125 0 0 1-1.369.491l-1.217-.456c-.355-.133-.75-.072-1.076.124a6.47 6.47 0 0 1-.22.128c-.331.183-.581.495-.644.869l-.213 1.281c-.09.543-.56.94-1.11.94h-2.594c-.55 0-1.019-.398-1.11-.94l-.213-1.281c-.062-.374-.312-.686-.644-.87a6.52 6.52 0 0 1-.22-.127c-.325-.196-.72-.257-1.076-.124l-1.217.456a1.125 1.125 0 0 1-1.369-.49l-1.297-2.247a1.125 1.125 0 0 1 .26-1.431l1.004-.827c.292-.24.437-.613.43-.991a6.932 6.932 0 0 1 0-.255c.007-.38-.138-.751-.43-.992l-1.004-.827a1.125 1.125 0 0 1-.26-1.43l1.297-2.247a1.125 1.125 0 0 1 1.37-.491l1.216.456c.356.133.751.072 1.076-.124.072-.044.146-.086.22-.128.332-.183.582-.495.644-.869l.214-1.28Z"/>\n
  <path stroke-linecap="round" stroke-linejoin="round" d="M15 12a3 3 0 1 1-6 0 3 3 0 0 1 6 0Z"/>\n
</svg>\n
\n
                        \n
                            </div>\n
        \n
                    <div class="\n
                in-data-flux-sidebar-collapsed-desktop:not-in-data-flux-sidebar-group-dropdown:hidden\n
                flex-1 text-sm font-medium truncate [[data-nav-footer]_&]:hidden [[data-nav-sidebar]_[data-nav-footer]_&]:block" data-content>Configuraci├│n</div>\n
    </a>\n
\n
    <div popover="manual" class="relative py-2 px-2.5 rounded-md text-xs text-white font-medium bg-zinc-800 dark:bg-zinc-700 dark:border dark:border-white/10 p-0 overflow-visible not-in-data-flux-sidebar-collapsed-desktop:hidden in-data-flux-sidebar-group-dropdown:hidden cursor-default" data-flux-tooltip-content>\n
    Configuraci├│n\n
\n
    </div>\n
\n
            </ui-tooltip>\n
\n
            <form method="POST" action="http://farmacorp.test/logout" class="w-full">\n
                <input type="hidden" name="_token" value="MmtC37QfEEJwCJn0WPigpki4BtVTd0by8rIV88US" autocomplete="off">                <ui-tooltip position="right center"  data-flux-tooltip >\n
        <button type="submit" class="h-8 in-data-flux-sidebar-on-mobile:h-10 relative flex items-center gap-3 rounded-lg in-data-flux-sidebar-collapsed-desktop:w-10 in-data-flux-sidebar-collapsed-desktop:justify-center py-0 text-start w-full px-3 has-data-flux-navlist-badge:not-in-data-flux-sidebar-collapsed-desktop:pe-1.5 my-px text-zinc-500 dark:text-white/80 data-current:text-(--color-accent-content) hover:data-current:text-(--color-accent-content) data-current:bg-white dark:data-current:bg-white/[7%] data-current:border data-current:border-zinc-200 dark:data-current:border-transparent hover:text-zinc-800 dark:hover:text-white dark:hover:bg-white/[7%] hover:bg-zinc-800/5  border border-transparent in-data-flux-sidebar-group-dropdown:w-auto! in-data-flux-sidebar-group-dropdown:px-2! in-data-flux-sidebar-group-dropdown:text-zinc-800! in-data-flux-sidebar-group-dropdown:bg-white! in-data-flux-sidebar-group-dropdown:hover:bg-zinc-50! dark:in-data-flux-sidebar-group-dropdown:text-white! dark:in-data-flux-sidebar-group-dropdown:bg-transparent! dark:in-data-flux-sidebar-group-dropdown:hover:bg-zinc-600! w-full" data-flux-sidebar-item="data-flux-sidebar-item" data-test="logout-button">\n
        <div class="relative">\n
                                    <svg class="shrink-0 [:where(&amp;)]:size-6 size-4 in-data-flux-sidebar-group-dropdown:text-zinc-400! dark:in-data-flux-sidebar-group-dropdown:text-white/80! [[data-flux-sidebar-item]:hover_&]:text-current!" data-flux-icon xmlns="http://www.w3.org/2000/svg" fill="none" viewBox="0 0 24 24" stroke-width="1.5" stroke="currentColor" aria-hidden="true" data-slot="icon">\n
  <path stroke-linecap="round" stroke-linejoin="round" d="M15.75 9V5.25A2.25 2.25 0 0 0 13.5 3h-6a2.25 2.25 0 0 0-2.25 2.25v13.5A2.25 2.25 0 0 0 7.5 21h6a2.25 2.25 0 0 0 2.25-2.25V15m3 0 3-3m0 0-3-3m3 3H9"/>\n
</svg>\n
\n
                        \n
                            </div>\n
        \n
                    <div class="\n
                in-data-flux-sidebar-collapsed-desktop:not-in-data-flux-sidebar-group-dropdown:hidden\n
                flex-1 text-sm font-medium truncate [[data-nav-footer]_&]:hidden [[data-nav-sidebar]_[data-nav-footer]_&]:block" data-content>Log Out</div>\n
    </button>\n
\n
    <div popover="manual" class="relative py-2 px-2.5 rounded-md text-xs text-white font-medium bg-zinc-800 dark:bg-zinc-700 dark:border dark:border-white/10 p-0 overflow-visible not-in-data-flux-sidebar-collapsed-desktop:hidden in-data-flux-sidebar-group-dropdown:hidden cursor-default" data-flux-tooltip-content>\n
    Log Out\n
\n
    </div>\n
\n
            </ui-tooltip>\n
            </form>\n
</ui-sidebar>\n
\n
        <main class="flex-1 min-h-screen bg-white dark:bg-zinc-900">\n
            <div class="[grid-area:main] p-6 lg:p-8 [[data-flux-container]_&amp;]:px-0" data-flux-main>\n
    <div wire:snapshot="{&quot;data&quot;:[],&quot;memo&quot;:{&quot;id&quot;:&quot;k7PdMYojlDbsmAQs9S7t&quot;,&quot;name&quot;:&quot;actions.settings-manager&quot;,&quot;path&quot;:&quot;configuracion&quot;,&quot;method&quot;:&quot;GET&quot;,&quot;release&quot;:&quot;a-a-a&quot;,&quot;children&quot;:[],&quot;scripts&quot;:[],&quot;assets&quot;:[],&quot;errors&quot;:[],&quot;locale&quot;:&quot;en&quot;,&quot;islands&quot;:[]},&quot;checksum&quot;:&quot;7a75bf35193612ed9afa611b737d481c80b4ded2664fd8588029c4f959a6da83&quot;}" wire:effects="[]" wire:id="k7PdMYojlDbsmAQs9S7t" wire:name="actions.settings-manager" class="px-4 py-8 max-w-7xl mx-auto space-y-6">\r\n
    <div class="mb-4">\r\n
        <h1 class="font-medium [:where(&amp;)]:text-zinc-800 [:where(&amp;)]:dark:text-white text-2xl [&amp;:has(+[data-flux-subheading])]:mb-2 [[data-flux-subheading]+&amp;]:mt-2" data-flux-heading>Configuraci├│n del Sistema</h1>\n
\n
                <div class="text-sm [:where(&amp;)]:text-zinc-500 [:where(&amp;)]:dark:text-white/70" data-flux-subheading>\n
    Gestiona tus preferencias personales y de entorno de trabajo.\n
</div>\n
    </div>\r\n
\r\n
    <div class="[:where(&amp;)]:bg-white dark:[:where(&amp;)]:bg-white/10 border border-zinc-200 dark:border-white/10 [:where(&amp;)]:p-6 [:where(&amp;)]:rounded-xl" data-flux-card>\n
    <div class="flex flex-col sm:flex-row sm:items-center justify-between gap-4">\r\n
            <div>\r\n
                <div class="font-medium [:where(&amp;)]:text-zinc-800 [:where(&amp;)]:dark:text-white text-sm [&amp;:has(+[data-flux-subheading])]:mb-2 [[data-flux-subheading]+&amp;]:mt-2" data-flux-heading>Apariencia</div>\n
                <div class="text-sm [:where(&amp;)]:text-zinc-500 [:where(&amp;)]:dark:text-white/70" data-flux-subheading>\n
    Personaliza el comportamiento visual del sistema.\n
</div>\n
            </div>\r\n
            \r\n
            <div x-data="{ \r\n
                get isDark() { return $flux.dark },\r\n
                set isDark(val) { $flux.appearance = val ? 'dark' : 'light' }\r\n
            }">\r\n
                <!--[if BLOCK]><![endif]-->    <ui-field class="min-w-0 [&amp;:not(:has([data-flux-field])):has([data-flux-control][disabled])&gt;[data-flux-label]]:opacity-50 [&amp;:has(&gt;[data-flux-radio-group][disabled])&gt;[data-flux-label]]:opacity-50 [&amp;:has(&gt;[data-flux-checkbox-group][disabled])&gt;[data-flux-label]]:opacity-50 grid gap-x-3 gap-y-1.5 has-[[data-flux-label]~[data-flux-control]]:grid-cols-[1fr_auto] has-[[data-flux-control]~[data-flux-label]]:grid-cols-[auto_1fr] [&amp;&gt;[data-flux-control]~[data-flux-description]]:row-start-2 [&amp;&gt;[data-flux-control]~[data-flux-description]]:col-start-2 [&amp;&gt;[data-flux-control]~[data-flux-error]]:col-span-2 [&amp;&gt;[data-flux-control]~[data-flux-error]]:mt-1 [&amp;&gt;[data-flux-label]~[data-flux-control]]:row-start-1 [&amp;&gt;[data-flux-label]~[data-flux-control]]:col-start-2" data-flux-field>\n
    <ui-label class="inline-flex items-center text-sm font-medium  [:where(&amp;)]:text-zinc-800 [:where(&amp;)]:dark:text-white [&amp;:has([data-flux-label-trailing])]:flex" data-flux-label>\n
    Modo Oscuro\n
\n
    \n
    \n
    </ui-label>\n
        \n
        \n
        <ui-switch class="group h-5 w-8 min-w-8 relative inline-flex items-center outline-offset-2 rounded-full transition bg-zinc-800/15 [&amp;[disabled]]:opacity-50 dark:bg-transparent dark:border dark:border-white/20 dark:[&amp;[disabled]]:border-white/10 [print-color-adjust:exact] data-checked:bg-(--color-accent) data-checked:border-0" x-model="isDark" label="Modo Oscuro"   data-flux-control data-flux-switch>\n
            <span class="size-3.5 rounded-full transition translate-x-[3px] dark:translate-x-[2px] rtl:-translate-x-[3px] dark:rtl:-translate-x-[2px] bg-white group-data-checked:translate-x-[15px] rtl:group-data-checked:-translate-x-[15px] dark:group-data-checked:translate-x-[15px] dark:rtl:group-data-checked:-translate-x-[15px] group-data-checked:bg-(--color-accent-foreground)"></span>\n
        </ui-switch>\n
\n
        <div role="alert" aria-live="polite" aria-atomic="true" class="mt-3 text-sm font-medium text-red-500 dark:text-red-400 hidden" data-flux-error>\n
    </div>\n
</ui-field>\n
\n
<!--[if ENDBLOCK]><![endif]-->            </div>\r\n
        </div>\n
</div>\n
</div>\n
</div>\n
\n
    \n
    <script src="https://cdn.jsdelivr.net/npm/chart.js"></script>\n
        </main>       \n
\n
        <script src="http://farmacorp.test/flux/flux.js?id=dca30f4a" data-navigate-once></script>\n
    <!-- Livewire Scripts -->\n
<script src="http://farmacorp.test/livewire-f7880737/livewire.js?id=cfc5c1ae"   data-csrf="MmtC37QfEEJwCJn0WPigpki4BtVTd0by8rIV88US" data-module-url="http://farmacorp.test/livewire-f7880737" data-update-uri="http://farmacorp.test/livewire-f7880737/update" data-navigate-once="true"></script>\n
</body>\n
</html>

  To contain: &quot;name&quot;:&quot;settings-manager&quot;

  at C:\Users\Administrador\Herd\FarmaCorp\vendor\livewire\livewire\src\Features\SupportTesting\SupportTesting.php:53
     49Ôûò                 $component = app('livewire.factory')->resolveComponentName($component);
     50Ôûò             }
     51Ôûò             $escapedComponentName = trim(htmlspecialchars(json_encode(['name' => $component])), '{}');
     52Ôûò 
  Ô×£  53Ôûò             \PHPUnit\Framework\Assert::assertStringContainsString(
     54Ôûò                 $escapedComponentName,
     55Ôûò                 $this->getContent(),
     56Ôûò                 'Cannot find Livewire component ['.$component.'] rendered on page.'
     57Ôûò             );

  1   C:\Users\Administrador\Herd\FarmaCorp\vendor\livewire\livewire\src\Features\SupportTesting\SupportTesting.php:53
  2   C:\Users\Administrador\Herd\FarmaCorp\vendor\laravel\framework\src\Illuminate\Macroable\Traits\Macroable.php:126


  Tests:    2 failed, 81 passed (193 assertions)
  Duration: 43.49s

